[اطلاعات ] - 2026-08-17 14:48:13 - ==================================================
[اطلاعات ] - 2026-08-17 14:48:13 - اسکریپت جمع‌آوری و دسته‌بندی کانفیگ‌ها شروع به کار کرد
[اطلاعات ] - 2026-08-17 14:48:13 - ==================================================
[اطلاعات ] - 2026-08-17 14:48:13 - درحال ارسال درخواست به https://drive.google.com/uc?export=download&id=1-EopH8hKLwaRJ3kxm3-40x4CZQ3prAzP ...
[اطلاعات ] - 2026-08-17 14:48:13 - درحال ارسال درخواست به https://raw.githubusercontent.com/DiDiten/ScrapeAndCategorize/refs/heads/main/output_configs/France.txt ...
[اطلاعات ] - 2026-08-17 14:48:13 - درحال ارسال درخواست به https://raw.githubusercontent.com/DiDiten/ScrapeAndCategorize/refs/heads/main/output_configs/Germany.txt ...
[اطلاعات ] - 2026-08-17 14:48:13 - درحال ارسال درخواست به https://raw.githubusercontent.com/Surfboardv2ray/Proxy-sorter/refs/heads/main/custom/udp.txt ...
[اطلاعات ] - 2026-08-17 14:48:13 - درحال ارسال درخواست به https://raw.githubusercontent.com/Aa64n/Aa64n-/refs/heads/main/b ...
[اطلاعات ] - 2026-08-17 14:48:13 - درحال ارسال درخواست به https://raw.githubusercontent.com/Aa64n/Aa64n-/refs/heads/main/backk up new ...
[اطلاعات ] - 2026-08-17 14:48:13 - درحال ارسال درخواست به https://raw.githubusercontent.com/Aa64n/Aa64n-/refs/heads/main/family ...
[اطلاعات ] - 2026-08-17 14:48:13 - درحال ارسال درخواست به https://raw.githubusercontent.com/Aa64n/Aa64n-/refs/heads/main/freind ...
[اطلاعات ] - 2026-08-17 14:48:13 - درحال ارسال درخواست به https://raw.githubusercontent.com/Aa64n/Aa64n-/refs/heads/main/wir ...
[اطلاعات ] - 2026-08-17 14:48:13 - درحال ارسال درخواست به https://raw.githubusercontent.com/Aa64n/Aa64n-/refs/heads/main/new ...
[اطلاعات ] - 2026-08-17 14:48:13 - درحال ارسال درخواست به https://raw.githubusercontent.com/soroushmirzaei/telegram-configs-collector/main/countries/ir/mixed ...
[اطلاعات ] - 2026-08-17 14:48:15 - محتوای متنی از https://drive.google.com/uc?export=download&id=1-EopH8hKLwaRJ3kxm3-40x4CZQ3prAzP با موفقیت استخراج شد.
[خطا     ] - 2026-08-17 14:48:20 - خطا در اتصال به https://raw.githubusercontent.com/Aa64n/Aa64n-/refs/heads/main/wir: 429, message='Too Many Requests', url='https://raw.githubusercontent.com/Aa64n/Aa64n-/refs/heads/main/wir'
[خطا     ] - 2026-08-17 14:48:21 - خطا در اتصال به https://raw.githubusercontent.com/Surfboardv2ray/Proxy-sorter/refs/heads/main/custom/udp.txt: 429, message='Too Many Requests', url='https://raw.githubusercontent.com/Surfboardv2ray/Proxy-sorter/refs/heads/main/custom/udp.txt'
[اطلاعات ] - 2026-08-17 14:48:21 - محتوای متنی از https://raw.githubusercontent.com/Aa64n/Aa64n-/refs/heads/main/b با موفقیت استخراج شد.
[خطا     ] - 2026-08-17 14:48:21 - خطا در اتصال به https://raw.githubusercontent.com/Aa64n/Aa64n-/refs/heads/main/backk up new: 429, message='Too Many Requests', url='https://raw.githubusercontent.com/Aa64n/Aa64n-/refs/heads/main/backk%20up%20new'
[خطا     ] - 2026-08-17 14:48:21 - خطا در اتصال به https://raw.githubusercontent.com/Aa64n/Aa64n-/refs/heads/main/family: 429, message='Too Many Requests', url='https://raw.githubusercontent.com/Aa64n/Aa64n-/refs/heads/main/family'
[خطا     ] - 2026-08-17 14:48:22 - خطا در اتصال به https://raw.githubusercontent.com/soroushmirzaei/telegram-configs-collector/main/countries/ir/mixed: 429, message='Too Many Requests', url='https://raw.githubusercontent.com/soroushmirzaei/telegram-configs-collector/main/countries/ir/mixed'
[اطلاعات ] - 2026-08-17 14:48:24 - محتوای متنی از https://raw.githubusercontent.com/Aa64n/Aa64n-/refs/heads/main/freind با موفقیت استخراج شد.
[خطا     ] - 2026-08-17 14:48:27 - خطا در اتصال به https://raw.githubusercontent.com/DiDiten/ScrapeAndCategorize/refs/heads/main/output_configs/France.txt: 429, message='Too Many Requests', url='https://raw.githubusercontent.com/DiDiten/ScrapeAndCategorize/refs/heads/main/output_configs/France.txt'
[اطلاعات ] - 2026-08-17 14:48:29 - محتوای متنی از https://raw.githubusercontent.com/DiDiten/ScrapeAndCategorize/refs/heads/main/output_configs/Germany.txt با موفقیت استخراج شد.
[خطا     ] - 2026-08-17 14:48:29 - خطای نامشخص در پردازش https://raw.githubusercontent.com/Aa64n/Aa64n-/refs/heads/main/new: 
[اطلاعات ] - 2026-08-17 14:48:29 - --- شروع تحلیل و تجمیع نتایج ---
[اطلاعات ] - 2026-08-17 14:48:29 - 📊 آمار برای https://drive.google.com/uc?export=download&id=1-EopH8hKLwaRJ3kxm3-40x4CZQ3prAzP -> کل: 2019, ایران: 0, [Vmess: 42, Vless: 809, Trojan: 117, ShadowSocks: 976, Hysteria2: 75]
[اطلاعات ] - 2026-08-17 14:48:29 - 📊 آمار برای https://raw.githubusercontent.com/DiDiten/ScrapeAndCategorize/refs/heads/main/output_configs/Germany.txt -> کل: 1240, ایران: 0, [Vmess: 110, Vless: 462, Trojan: 9, ShadowSocks: 657, ShadowSocksR: 2]
[اطلاعات ] - 2026-08-17 14:48:29 - 📊 آمار برای https://raw.githubusercontent.com/Aa64n/Aa64n-/refs/heads/main/b -> کل: 85, ایران: 0, [Vmess: 4, Vless: 34, Trojan: 5, ShadowSocks: 42]
[اطلاعات ] - 2026-08-17 14:48:29 - 📊 آمار برای https://raw.githubusercontent.com/Aa64n/Aa64n-/refs/heads/main/freind -> کل: 174, ایران: 0, [Vmess: 7, Vless: 76, Trojan: 8, ShadowSocks: 83]
[اطلاعات ] - 2026-08-17 14:48:29 - --- شروع ذخیره‌سازی فایل‌ها ---
[اطلاعات ] - 2026-08-17 14:48:29 - پوشه قدیمی output_configs با موفقیت حذف شد.
[اطلاعات ] - 2026-08-17 14:48:29 - پوشه output_configs با موفقیت ایجاد شد.
[اطلاعات ] - 2026-08-17 14:48:29 - پوشه قدیمی output_base64_countries با موفقیت حذف شد.
[اطلاعات ] - 2026-08-17 14:48:29 - پوشه output_base64_countries با موفقیت ایجاد شد.
[اطلاعات ] - 2026-08-17 14:48:29 - تعداد 163 کانفیگ در فایل output_configs/Vmess.txt ذخیره شد.
[اطلاعات ] - 2026-08-17 14:48:29 - تعداد 1378 کانفیگ در فایل output_configs/Vless.txt ذخیره شد.
[اطلاعات ] - 2026-08-17 14:48:29 - تعداد 139 کانفیگ در فایل output_configs/Trojan.txt ذخیره شد.
[اطلاعات ] - 2026-08-17 14:48:29 - تعداد 1755 کانفیگ در فایل output_configs/ShadowSocks.txt ذخیره شد.
[اطلاعات ] - 2026-08-17 14:48:29 - تعداد 2 کانفیگ در فایل output_configs/ShadowSocksR.txt ذخیره شد.
[اطلاعات ] - 2026-08-17 14:48:29 - تعداد 75 کانفیگ در فایل output_configs/Hysteria2.txt ذخیره شد.
[اطلاعات ] - 2026-08-17 14:48:29 - تعداد 222 کانفیگ در فایل output_configs/USA.txt ذخیره شد.
[اطلاعات ] - 2026-08-17 14:48:29 - خروجی Base64 برای 222 کانفیگ در فایل output_base64_countries/USA.txt ذخیره شد.
[اطلاعات ] - 2026-08-17 14:48:29 - تعداد 45 کانفیگ در فایل output_configs/Albania.txt ذخیره شد.
[اطلاعات ] - 2026-08-17 14:48:29 - خروجی Base64 برای 45 کانفیگ در فایل output_base64_countries/Albania.txt ذخیره شد.
[اطلاعات ] - 2026-08-17 14:48:29 - تعداد 374 کانفیگ در فایل output_configs/Andorra.txt ذخیره شد.
[اطلاعات ] - 2026-08-17 14:48:29 - خروجی Base64 برای 374 کانفیگ در فایل output_base64_countries/Andorra.txt ذخیره شد.
[اطلاعات ] - 2026-08-17 14:48:29 - تعداد 5 کانفیگ در فایل output_configs/AntiguaAndBarbuda.txt ذخیره شد.
[اطلاعات ] - 2026-08-17 14:48:29 - خروجی Base64 برای 5 کانفیگ در فایل output_base64_countries/AntiguaAndBarbuda.txt ذخیره شد.
[اطلاعات ] - 2026-08-17 14:48:29 - تعداد 227 کانفیگ در فایل output_configs/Argentina.txt ذخیره شد.
[اطلاعات ] - 2026-08-17 14:48:29 - خروجی Base64 برای 227 کانفیگ در فایل output_base64_countries/Argentina.txt ذخیره شد.
[اطلاعات ] - 2026-08-17 14:48:29 - تعداد 160 کانفیگ در فایل output_configs/Armenia.txt ذخیره شد.
[اطلاعات ] - 2026-08-17 14:48:29 - خروجی Base64 برای 160 کانفیگ در فایل output_base64_countries/Armenia.txt ذخیره شد.
[اطلاعات ] - 2026-08-17 14:48:29 - تعداد 4 کانفیگ در فایل output_configs/Austria.txt ذخیره شد.
[اطلاعات ] - 2026-08-17 14:48:29 - خروجی Base64 برای 4 کانفیگ در فایل output_base64_countries/Austria.txt ذخیره شد.
[اطلاعات ] - 2026-08-17 14:48:29 - تعداد 2 کانفیگ در فایل output_configs/Bahamas.txt ذخیره شد.
[اطلاعات ] - 2026-08-17 14:48:29 - خروجی Base64 برای 2 کانفیگ در فایل output_base64_countries/Bahamas.txt ذخیره شد.
[اطلاعات ] - 2026-08-17 14:48:29 - تعداد 4 کانفیگ در فایل output_configs/Bahrain.txt ذخیره شد.
[اطلاعات ] - 2026-08-17 14:48:29 - خروجی Base64 برای 4 کانفیگ در فایل output_base64_countries/Bahrain.txt ذخیره شد.
[اطلاعات ] - 2026-08-17 14:48:29 - تعداد 130 کانفیگ در فایل output_configs/Belgium.txt ذخیره شد.
[اطلاعات ] - 2026-08-17 14:48:29 - خروجی Base64 برای 130 کانفیگ در فایل output_base64_countries/Belgium.txt ذخیره شد.
[اطلاعات ] - 2026-08-17 14:48:29 - تعداد 2 کانفیگ در فایل output_configs/Bolivia.txt ذخیره شد.
[اطلاعات ] - 2026-08-17 14:48:29 - خروجی Base64 برای 2 کانفیگ در فایل output_base64_countries/Bolivia.txt ذخیره شد.
[اطلاعات ] - 2026-08-17 14:48:29 - تعداد 2 کانفیگ در فایل output_configs/BosniaAndHerzegovina.txt ذخیره شد.
[اطلاعات ] - 2026-08-17 14:48:29 - خروجی Base64 برای 2 کانفیگ در فایل output_base64_countries/BosniaAndHerzegovina.txt ذخیره شد.
[اطلاعات ] - 2026-08-17 14:48:29 - تعداد 2 کانفیگ در فایل output_configs/Brazil.txt ذخیره شد.
[اطلاعات ] - 2026-08-17 14:48:29 - خروجی Base64 برای 2 کانفیگ در فایل output_base64_countries/Brazil.txt ذخیره شد.
[اطلاعات ] - 2026-08-17 14:48:29 - تعداد 99 کانفیگ در فایل output_configs/Brunei.txt ذخیره شد.
[اطلاعات ] - 2026-08-17 14:48:29 - خروجی Base64 برای 99 کانفیگ در فایل output_base64_countries/Brunei.txt ذخیره شد.
[اطلاعات ] - 2026-08-17 14:48:29 - تعداد 2 کانفیگ در فایل output_configs/Bulgaria.txt ذخیره شد.
[اطلاعات ] - 2026-08-17 14:48:29 - خروجی Base64 برای 2 کانفیگ در فایل output_base64_countries/Bulgaria.txt ذخیره شد.
[اطلاعات ] - 2026-08-17 14:48:29 - تعداد 12 کانفیگ در فایل output_configs/Canada.txt ذخیره شد.
[اطلاعات ] - 2026-08-17 14:48:29 - خروجی Base64 برای 12 کانفیگ در فایل output_base64_countries/Canada.txt ذخیره شد.
[اطلاعات ] - 2026-08-17 14:48:29 - تعداد 12 کانفیگ در فایل output_configs/CentralAfricanRepublic.txt ذخیره شد.
[اطلاعات ] - 2026-08-17 14:48:29 - خروجی Base64 برای 12 کانفیگ در فایل output_base64_countries/CentralAfricanRepublic.txt ذخیره شد.
[اطلاعات ] - 2026-08-17 14:48:29 - تعداد 51 کانفیگ در فایل output_configs/Chile.txt ذخیره شد.
[اطلاعات ] - 2026-08-17 14:48:29 - خروجی Base64 برای 51 کانفیگ در فایل output_base64_countries/Chile.txt ذخیره شد.
[اطلاعات ] - 2026-08-17 14:48:29 - تعداد 26 کانفیگ در فایل output_configs/Colombia.txt ذخیره شد.
[اطلاعات ] - 2026-08-17 14:48:29 - خروجی Base64 برای 26 کانفیگ در فایل output_base64_countries/Colombia.txt ذخیره شد.
[اطلاعات ] - 2026-08-17 14:48:29 - تعداد 12 کانفیگ در فایل output_configs/DominicanRepublic.txt ذخیره شد.
[اطلاعات ] - 2026-08-17 14:48:29 - خروجی Base64 برای 12 کانفیگ در فایل output_base64_countries/DominicanRepublic.txt ذخیره شد.
[اطلاعات ] - 2026-08-17 14:48:29 - تعداد 15 کانفیگ در فایل output_configs/Ecuador.txt ذخیره شد.
[اطلاعات ] - 2026-08-17 14:48:29 - خروجی Base64 برای 15 کانفیگ در فایل output_base64_countries/Ecuador.txt ذخیره شد.
[اطلاعات ] - 2026-08-17 14:48:29 - تعداد 2 کانفیگ در فایل output_configs/Egypt.txt ذخیره شد.
[اطلاعات ] - 2026-08-17 14:48:29 - خروجی Base64 برای 2 کانفیگ در فایل output_base64_countries/Egypt.txt ذخیره شد.
[اطلاعات ] - 2026-08-17 14:48:29 - تعداد 1 کانفیگ در فایل output_configs/ElSalvador.txt ذخیره شد.
[اطلاعات ] - 2026-08-17 14:48:29 - خروجی Base64 برای 1 کانفیگ در فایل output_base64_countries/ElSalvador.txt ذخیره شد.
[اطلاعات ] - 2026-08-17 14:48:29 - تعداد 49 کانفیگ در فایل output_configs/Eritrea.txt ذخیره شد.
[اطلاعات ] - 2026-08-17 14:48:29 - خروجی Base64 برای 49 کانفیگ در فایل output_base64_countries/Eritrea.txt ذخیره شد.
[اطلاعات ] - 2026-08-17 14:48:29 - تعداد 2 کانفیگ در فایل output_configs/Estonia.txt ذخیره شد.
[اطلاعات ] - 2026-08-17 14:48:29 - خروجی Base64 برای 2 کانفیگ در فایل output_base64_countries/Estonia.txt ذخیره شد.
[اطلاعات ] - 2026-08-17 14:48:29 - تعداد 35 کانفیگ در فایل output_configs/Finland.txt ذخیره شد.
[اطلاعات ] - 2026-08-17 14:48:29 - خروجی Base64 برای 35 کانفیگ در فایل output_base64_countries/Finland.txt ذخیره شد.
[اطلاعات ] - 2026-08-17 14:48:29 - تعداد 11 کانفیگ در فایل output_configs/France.txt ذخیره شد.
[اطلاعات ] - 2026-08-17 14:48:29 - خروجی Base64 برای 11 کانفیگ در فایل output_base64_countries/France.txt ذخیره شد.
[اطلاعات ] - 2026-08-17 14:48:29 - تعداد 1301 کانفیگ در فایل output_configs/Germany.txt ذخیره شد.
[اطلاعات ] - 2026-08-17 14:48:29 - خروجی Base64 برای 1301 کانفیگ در فایل output_base64_countries/Germany.txt ذخیره شد.
[اطلاعات ] - 2026-08-17 14:48:29 - تعداد 2 کانفیگ در فایل output_configs/Ghana.txt ذخیره شد.
[اطلاعات ] - 2026-08-17 14:48:29 - خروجی Base64 برای 2 کانفیگ در فایل output_base64_countries/Ghana.txt ذخیره شد.
[اطلاعات ] - 2026-08-17 14:48:29 - تعداد 4 کانفیگ در فایل output_configs/Greece.txt ذخیره شد.
[اطلاعات ] - 2026-08-17 14:48:29 - خروجی Base64 برای 4 کانفیگ در فایل output_base64_countries/Greece.txt ذخیره شد.
[اطلاعات ] - 2026-08-17 14:48:29 - تعداد 2 کانفیگ در فایل output_configs/Haiti.txt ذخیره شد.
[اطلاعات ] - 2026-08-17 14:48:29 - خروجی Base64 برای 2 کانفیگ در فایل output_base64_countries/Haiti.txt ذخیره شد.
[اطلاعات ] - 2026-08-17 14:48:29 - تعداد 2 کانفیگ در فایل output_configs/Hungary.txt ذخیره شد.
[اطلاعات ] - 2026-08-17 14:48:29 - خروجی Base64 برای 2 کانفیگ در فایل output_base64_countries/Hungary.txt ذخیره شد.
[اطلاعات ] - 2026-08-17 14:48:29 - تعداد 38 کانفیگ در فایل output_configs/Iceland.txt ذخیره شد.
[اطلاعات ] - 2026-08-17 14:48:29 - خروجی Base64 برای 38 کانفیگ در فایل output_base64_countries/Iceland.txt ذخیره شد.
[اطلاعات ] - 2026-08-17 14:48:29 - تعداد 5 کانفیگ در فایل output_configs/India.txt ذخیره شد.
[اطلاعات ] - 2026-08-17 14:48:29 - خروجی Base64 برای 5 کانفیگ در فایل output_base64_countries/India.txt ذخیره شد.
[اطلاعات ] - 2026-08-17 14:48:29 - تعداد 2 کانفیگ در فایل output_configs/Ireland.txt ذخیره شد.
[اطلاعات ] - 2026-08-17 14:48:29 - خروجی Base64 برای 2 کانفیگ در فایل output_base64_countries/Ireland.txt ذخیره شد.
[اطلاعات ] - 2026-08-17 14:48:29 - تعداد 4 کانفیگ در فایل output_configs/Italy.txt ذخیره شد.
[اطلاعات ] - 2026-08-17 14:48:29 - خروجی Base64 برای 4 کانفیگ در فایل output_base64_countries/Italy.txt ذخیره شد.
[اطلاعات ] - 2026-08-17 14:48:29 - تعداد 33 کانفیگ در فایل output_configs/Japan.txt ذخیره شد.
[اطلاعات ] - 2026-08-17 14:48:29 - خروجی Base64 برای 33 کانفیگ در فایل output_base64_countries/Japan.txt ذخیره شد.
[اطلاعات ] - 2026-08-17 14:48:29 - تعداد 2 کانفیگ در فایل output_configs/Kenya.txt ذخیره شد.
[اطلاعات ] - 2026-08-17 14:48:29 - خروجی Base64 برای 2 کانفیگ در فایل output_base64_countries/Kenya.txt ذخیره شد.
[اطلاعات ] - 2026-08-17 14:48:29 - تعداد 6 کانفیگ در فایل output_configs/Laos.txt ذخیره شد.
[اطلاعات ] - 2026-08-17 14:48:29 - خروجی Base64 برای 6 کانفیگ در فایل output_base64_countries/Laos.txt ذخیره شد.
[اطلاعات ] - 2026-08-17 14:48:29 - تعداد 4 کانفیگ در فایل output_configs/Lesotho.txt ذخیره شد.
[اطلاعات ] - 2026-08-17 14:48:29 - خروجی Base64 برای 4 کانفیگ در فایل output_base64_countries/Lesotho.txt ذخیره شد.
[اطلاعات ] - 2026-08-17 14:48:29 - تعداد 1 کانفیگ در فایل output_configs/Liechtenstein.txt ذخیره شد.
[اطلاعات ] - 2026-08-17 14:48:29 - خروجی Base64 برای 1 کانفیگ در فایل output_base64_countries/Liechtenstein.txt ذخیره شد.
[اطلاعات ] - 2026-08-17 14:48:29 - تعداد 3 کانفیگ در فایل output_configs/Mexico.txt ذخیره شد.
[اطلاعات ] - 2026-08-17 14:48:29 - خروجی Base64 برای 3 کانفیگ در فایل output_base64_countries/Mexico.txt ذخیره شد.
[اطلاعات ] - 2026-08-17 14:48:29 - تعداد 1 کانفیگ در فایل output_configs/Montenegro.txt ذخیره شد.
[اطلاعات ] - 2026-08-17 14:48:29 - خروجی Base64 برای 1 کانفیگ در فایل output_base64_countries/Montenegro.txt ذخیره شد.
[اطلاعات ] - 2026-08-17 14:48:29 - تعداد 148 کانفیگ در فایل output_configs/Morocco.txt ذخیره شد.
[اطلاعات ] - 2026-08-17 14:48:29 - خروجی Base64 برای 148 کانفیگ در فایل output_base64_countries/Morocco.txt ذخیره شد.
[اطلاعات ] - 2026-08-17 14:48:29 - تعداد 17 کانفیگ در فایل output_configs/Netherlands.txt ذخیره شد.
[اطلاعات ] - 2026-08-17 14:48:29 - خروجی Base64 برای 17 کانفیگ در فایل output_base64_countries/Netherlands.txt ذخیره شد.
[اطلاعات ] - 2026-08-17 14:48:29 - تعداد 22 کانفیگ در فایل output_configs/Nicaragua.txt ذخیره شد.
[اطلاعات ] - 2026-08-17 14:48:29 - خروجی Base64 برای 22 کانفیگ در فایل output_base64_countries/Nicaragua.txt ذخیره شد.
[اطلاعات ] - 2026-08-17 14:48:29 - تعداد 6 کانفیگ در فایل output_configs/Niger.txt ذخیره شد.
[اطلاعات ] - 2026-08-17 14:48:29 - خروجی Base64 برای 6 کانفیگ در فایل output_base64_countries/Niger.txt ذخیره شد.
[اطلاعات ] - 2026-08-17 14:48:29 - تعداد 1 کانفیگ در فایل output_configs/Nigeria.txt ذخیره شد.
[اطلاعات ] - 2026-08-17 14:48:29 - خروجی Base64 برای 1 کانفیگ در فایل output_base64_countries/Nigeria.txt ذخیره شد.
[اطلاعات ] - 2026-08-17 14:48:29 - تعداد 1 کانفیگ در فایل output_configs/Norway.txt ذخیره شد.
[اطلاعات ] - 2026-08-17 14:48:29 - خروجی Base64 برای 1 کانفیگ در فایل output_base64_countries/Norway.txt ذخیره شد.
[اطلاعات ] - 2026-08-17 14:48:29 - تعداد 2 کانفیگ در فایل output_configs/Poland.txt ذخیره شد.
[اطلاعات ] - 2026-08-17 14:48:29 - خروجی Base64 برای 2 کانفیگ در فایل output_base64_countries/Poland.txt ذخیره شد.
[اطلاعات ] - 2026-08-17 14:48:29 - تعداد 9 کانفیگ در فایل output_configs/Romania.txt ذخیره شد.
[اطلاعات ] - 2026-08-17 14:48:29 - خروجی Base64 برای 9 کانفیگ در فایل output_base64_countries/Romania.txt ذخیره شد.
[اطلاعات ] - 2026-08-17 14:48:29 - تعداد 4 کانفیگ در فایل output_configs/Russia.txt ذخیره شد.
[اطلاعات ] - 2026-08-17 14:48:29 - خروجی Base64 برای 4 کانفیگ در فایل output_base64_countries/Russia.txt ذخیره شد.
[اطلاعات ] - 2026-08-17 14:48:29 - تعداد 8 کانفیگ در فایل output_configs/SaoTomeAndPrincipe.txt ذخیره شد.
[اطلاعات ] - 2026-08-17 14:48:29 - خروجی Base64 برای 8 کانفیگ در فایل output_base64_countries/SaoTomeAndPrincipe.txt ذخیره شد.
[اطلاعات ] - 2026-08-17 14:48:29 - تعداد 61 کانفیگ در فایل output_configs/Singapore.txt ذخیره شد.
[اطلاعات ] - 2026-08-17 14:48:29 - خروجی Base64 برای 61 کانفیگ در فایل output_base64_countries/Singapore.txt ذخیره شد.
[اطلاعات ] - 2026-08-17 14:48:29 - تعداد 2 کانفیگ در فایل output_configs/SouthKorea.txt ذخیره شد.
[اطلاعات ] - 2026-08-17 14:48:29 - خروجی Base64 برای 2 کانفیگ در فایل output_base64_countries/SouthKorea.txt ذخیره شد.
[اطلاعات ] - 2026-08-17 14:48:29 - تعداد 7 کانفیگ در فایل output_configs/SouthSudan.txt ذخیره شد.
[اطلاعات ] - 2026-08-17 14:48:29 - خروجی Base64 برای 7 کانفیگ در فایل output_base64_countries/SouthSudan.txt ذخیره شد.
[اطلاعات ] - 2026-08-17 14:48:29 - تعداد 7 کانفیگ در فایل output_configs/Spain.txt ذخیره شد.
[اطلاعات ] - 2026-08-17 14:48:29 - خروجی Base64 برای 7 کانفیگ در فایل output_base64_countries/Spain.txt ذخیره شد.
[اطلاعات ] - 2026-08-17 14:48:29 - تعداد 2 کانفیگ در فایل output_configs/Switzerland.txt ذخیره شد.
[اطلاعات ] - 2026-08-17 14:48:29 - خروجی Base64 برای 2 کانفیگ در فایل output_base64_countries/Switzerland.txt ذخیره شد.
[اطلاعات ] - 2026-08-17 14:48:29 - تعداد 1 کانفیگ در فایل output_configs/Thailand.txt ذخیره شد.
[اطلاعات ] - 2026-08-17 14:48:29 - خروجی Base64 برای 1 کانفیگ در فایل output_base64_countries/Thailand.txt ذخیره شد.
[اطلاعات ] - 2026-08-17 14:48:29 - تعداد 2 کانفیگ در فایل output_configs/TrinidadAndTobago.txt ذخیره شد.
[اطلاعات ] - 2026-08-17 14:48:29 - خروجی Base64 برای 2 کانفیگ در فایل output_base64_countries/TrinidadAndTobago.txt ذخیره شد.
[اطلاعات ] - 2026-08-17 14:48:29 - تعداد 2 کانفیگ در فایل output_configs/Turkey.txt ذخیره شد.
[اطلاعات ] - 2026-08-17 14:48:29 - خروجی Base64 برای 2 کانفیگ در فایل output_base64_countries/Turkey.txt ذخیره شد.
[اطلاعات ] - 2026-08-17 14:48:29 - تعداد 10 کانفیگ در فایل output_configs/UK.txt ذخیره شد.
[اطلاعات ] - 2026-08-17 14:48:29 - خروجی Base64 برای 10 کانفیگ در فایل output_base64_countries/UK.txt ذخیره شد.
[اطلاعات ] - 2026-08-17 14:48:29 - --- تولید گزارش نهایی ---
[اطلاعات ] - 2026-08-17 14:48:29 - فایل README.md با موفقیت تولید شد.
[اطلاعات ] - 2026-08-17 14:48:29 - فایل لینک‌های نرمال در output_normal_links.txt ذخیره شد.
[اطلاعات ] - 2026-08-17 14:48:29 - فایل لینک‌های Base64 در output_base64_links.txt ذخیره شد.
[اطلاعات ] - 2026-08-17 14:48:29 - ==================================================
[اطلاعات ] - 2026-08-17 14:48:29 - 🎉 تمام مراحل با موفقیت انجام شد. برنامه به پایان رسید.
[اطلاعات ] - 2026-08-17 14:48:29 - ==================================================
